src/api/commands.ts(87,7): error TS2739: Type '{ pollingIntervalIdle: number; pollingIntervalActive: number; thresholdWarning: number; thresholdCritical: number; showModel: "autoLowest" | "pinned"; pinnedModel: string; animationEnabled: boolean; ... 14 more ...; localOnlyMode: boolean; }' is missing the following properties from type '{ pollingIntervalIdle: number; pollingIntervalActive: number; thresholdWarning: number; thresholdCritical: number; showModel: "autoLowest" | "pinned"; pinnedModel: string; animationEnabled: boolean; ... 18 more ...; antigravityToken?: string | undefined; }': apiEnabled, restApiEnabled, restApiPort, webhookEnabled
src/api/server/routes.ts(238,39): error TS2345: Argument of type '{ enabled: boolean; headers?: Record<string, string> | undefined; url?: string | undefined; method?: "POST" | "PUT" | undefined; events?: ("quota.warning" | "quota.critical" | "quota.exhausted" | "forecast.updated" | "source.connected" | "source.disconnected")[] | undefined; ... 4 more ...; timeoutMs?: number | unde...' is not assignable to parameter of type '{ enabled: boolean; url: string; method: "POST" | "PUT"; events: ("quota.warning" | "quota.critical" | "quota.exhausted" | "forecast.updated" | "source.connected" | "source.disconnected")[]; ... 5 more ...; template?: string | undefined; }'.
  Types of property 'url' are incompatible.
    Type 'string | undefined' is not assignable to type 'string'.
      Type 'undefined' is not assignable to type 'string'.
src/api/server/routes.ts(302,55): error TS2345: Argument of type '{ enabled: true; headers?: Record<string, string> | undefined; url?: string | undefined; method?: "POST" | "PUT" | undefined; events?: ("quota.warning" | "quota.critical" | "quota.exhausted" | "forecast.updated" | "source.connected" | "source.disconnected")[] | undefined; ... 4 more ...; timeoutMs?: number | undefin...' is not assignable to parameter of type '{ enabled: boolean; url: string; method: "POST" | "PUT"; events: ("quota.warning" | "quota.critical" | "quota.exhausted" | "forecast.updated" | "source.connected" | "source.disconnected")[]; ... 5 more ...; template?: string | undefined; }'.
  Types of property 'url' are incompatible.
    Type 'string | undefined' is not assignable to type 'string'.
      Type 'undefined' is not assignable to type 'string'.
